// Vitest Snapshot v1, https://vitest.dev/guide/snapshot.html

exports[`Example 1`] = `
<DocumentFragment>
  <input
    type="checkbox"
  />
</DocumentFragment>
`;
